Testing Phi3VImagePixelInputs schema validation...

1. Single tensor:
✅ Passed
2. List of tensors:
✅ Passed
3. Tuple of tensors:
✅ Passed
4. Symbolic dimension matching:
✅ Passed

Error cases:
5. Mismatched batch sizes:
> /Users/benjibeck/Projects/tensor-schema-prototype/tensor_schema.py(127)_validate_tensor_shape_expected()
-> raise ValueError(f"{field_name} dim[{i}] expected "
(Pdb) --KeyboardInterrupt--
(Pdb) 
